* Load the am335x-boneblack.dtb file on Beaglebone Black:

* LCD 16x2 device tree entry details with LCD Platform driver:
* ------------------------------------------------------------
[root@BBB: drivers]# ls /sys/devices/platform/lcd16x2/
driver_override                    supplier:platform:44e10800.pinmux
modalias                           supplier:platform:481ac000.gpio
of_node                            uevent
power                              waiting_for_supplier
subsystem
[root@BBB: lcd16x2]# cat modalias 
of:Nlcd16x2T(null)Corg,lcd16x2
[root@BBB: lcd16x2]# cd of_node
[root@BBB: lcd16x2]# 
[root@BBB: of_node]# ls
compatible     d5-gpios       d7-gpios       name           pinctrl-names  rw-gpios
d4-gpios       d6-gpios       en-gpios       pinctrl-0      rs-gpios       status

* LCD driver module: 
* ------------------
[root@BBB: drivers]# ls
lcd_platform_driver.ko
am335x-boneblack.dtb
[root@BBB: drivers]# insmod lcd_platform_driver.ko
[root@BBB: drivers]# dmesg
[ 5894.848746] lcd_sysfs_init: lcd module load success
[root@BBB: drivers]# lsmod | grep lcd
lcd_platform_driver    12288  0
[root@BBB: drivers]# modinfo lcd_platform_driver.ko 
filename:       /root/drivers/lcd_platform_driver.ko
description:    A LCD gpio sysfs driver
author:         Raju Lakkaraju
license:        GPL
depends:        
name:           lcd_platform_driver
vermagic:       6.15.5 SMP preempt mod_unload modversions ARMv7 p2v8 
[root@BBB: drivers]# rmmod lcd_platform_driver
[root@BBB: drivers]# dmesg
[ 5894.848746] lcd_sysfs_init: lcd module load success
[ 6016.611874] lcd_sysfs_exit: lcd module exit success


* Class entry "bone_lcd" add:
* --------------------------
[root@BBB: drivers]# insmod lcd_platform_driver.ko
[   62.703065] lcd_platform_driver: loading out-of-tree module taints kernel.
[   62.714868] bone-lcd-sysfs lcd16x2: lcd probe success
[   62.726682] lcd_sysfs_init: lcd module load success
[root@BBB: drivers]# dmesg
[   62.703065] lcd_platform_driver: loading out-of-tree module taints kernel.
[   62.714868] bone-lcd-sysfs lcd16x2: lcd probe success
[   62.726682] lcd_sysfs_init: lcd module load success
[root@BBB: drivers]# rmmod lcd_platform_driver
[   92.928803] bone-lcd-sysfs lcd16x2: lcd remove success
[   92.934981] lcd_sysfs_exit: lcd module exit success
[root@BBB: mylcd]# pwd
/sys/class/bone_lcd
[root@BBB: drivers]# cd /sys/class/bone_lcd/
[root@BBB: bone_lcd]# ls

* Class Attributes (lcdcmd, lcdtext, lcdscroll and lcdxy) test:
* -------------------------------------------------------------
Note: lcdcmd, lcdtext and lcdscroll are "Write-Only" attributes
      lcdxy - Read and Write attribute
[root@BBB: drivers]# insmod lcd_platform_driver.ko
[  178.110069] bone-lcd-sysfs lcd16x2: lcd probe success
[  178.120527] lcd_sysfs_init: lcd module load success
[root@BBB: LCD16x2]# lsmod | grep lcd
lcd_platform_driver    12288  0
[root@BBB: LCD16x2]# dmesg
[ 4425.061305] bone-lcd-sysfs lcd16x2: lcd probe success
[ 4425.070589] lcd_sysfs_init: lcd module load success
[root@BBB: LCD16x2]# pwd
/sys/class/bone_lcd/LCD16x2
[root@BBB: LCD16x2]# ls
lcdcmd     lcdscroll  lcdtext    lcdxy      power      subsystem  uevent
[root@BBB: LCD16x2]# cat lcdxy
[root@BBB: LCD16x2]# echo 0x1 > lcdcmd
[root@BBB: drivers]# dmesg
[ 7632.430183] bone_lcd LCD16x2: lcdxy_show:
[ 7648.012395] bone_lcd LCD16x2: lcdcmd_store: count:4
[root@BBB: LCD16x2]# echo "Hello" > lcdtext
[ 7693.344504] bone_lcd LCD16x2: lcdtext_store: count:6
[root@BBB: LCD16x2]# cat lcdtext
cat: can't open 'lcdtext': Permission denied

